1,samcov/RF_001_SZAXPI008746-45.bam.cov,Moneymaker
0,samcov/RF_002_SZAXPI009284-57.bam.cov,Alisa Craig
0,samcov/RF_003_SZAXPI009285-62.bam.cov,Gardeners Delight
0,samcov/RF_004_SZAXPI009286-74.bam.cov,Rutgers
0,samcov/RF_005_SZAXPI009287-75.bam.cov,Galina
0,samcov/RF_006_SZAXPI009288-79.bam.cov,Taxi
0,samcov/RF_007_SZAXPI009289-84.bam.cov,Katinka Cherry
0,samcov/RF_008_SZAXPI009290-87.bam.cov,John's big orange
1,samcov/RF_011_SZAXPI009291-88.bam.cov,All Round
0,samcov/RF_012_SZAXPI009292-89.bam.cov,Sonato
0,samcov/RF_013_SZAXPI009293-90.bam.cov,Cross Country
0,samcov/RF_014_SZAXPI009294-93.bam.cov,Lidi
0,samcov/RF_015_SZAXPI009295-94.bam.cov,Momatero
0,samcov/RF_016_SZAXPI009296-95.bam.cov,Trote Beere
0,samcov/RF_017_SZAXPI009297-102.bam.cov,T1039
0,samcov/RF_018_SZAXPI009298-108.bam.cov,Dana
0,samcov/RF_019_SZAXPI009299-109.bam.cov,Large Pink
0,samcov/RF_020_SZAXPI009300-113.bam.cov,Lycopersicon esculentum 825
0,samcov/RF_021_SZAXPI009301-123.bam.cov,Lycopersicon esculentum 828
0,samcov/RF_022_SZAXPI009302-129.bam.cov,PI129097
0,samcov/RF_023_SZAXPI009303-133.bam.cov,PI272654
0,samcov/RF_024_SZAXPI009304-136.bam.cov,Jersey Devil
0,samcov/RF_025_SZAXPI009305-140.bam.cov,S corneliomulleri lycopersicon so
0,samcov/RF_026_SZAXPI009306-142.bam.cov,Polish Joe
0,samcov/RF_027_SZAXPI009307-158.bam.cov,Cal J TM VF
0,samcov/RF_028_SZAXPI009308-166.bam.cov,The Dutchman
0,samcov/RF_029_SZAXPI009309-169.bam.cov,Black Cherry
0,samcov/RF_030_SZAXPI009310-62.bam.cov,Anto
0,samcov/RF_031_SZAXPI009311-74.bam.cov,Winter Tipe
0,samcov/RF_032_SZAXPI009312-75.bam.cov,Chag Li Lycopersicon esculentum
0,samcov/RF_033_SZAXPI009313-79.bam.cov,Belmonte
0,samcov/RF_034_SZAXPI009314-84.bam.cov,Tiffen Mennonite
0,samcov/RF_035_SZAXPI009315-87.bam.cov,Wheatley's Frost Resistant
0,samcov/RF_036_SZAXPI009316-88.bam.cov,PI311117
0,samcov/RF_037_SZAXPI008747-46.bam.cov,PI365925
0,samcov/RF_038_SZAXPI009317-89.bam.cov,Chih-Mu-Tao-Se
0,samcov/RF_039_SZAXPI009318-90.bam.cov,LA0113
0,samcov/RF_040_SZAXPI009319-93.bam.cov,Lycopersicon esculentum Heinz conver infiniens var pluriloculare
0,samcov/RF_041_SZAXPI009320-94.bam.cov,PI169588
0,samcov/RF_042_SZAXPI009321-95.bam.cov,Lycopersicon hirsutum
0,samcov/RF_043_SZAXPI009322-102.bam.cov,S pimpinellifolium
0,samcov/RF_044_SZAXPI009323-108.bam.cov,S pimpinellifolium
0,samcov/RF_045_SZAXPI009324-109.bam.cov,S pimpinellifolium
0,samcov/RF_046_SZAXPI008748-47.bam.cov,S pimpinellifolium
0,samcov/RF_047_SZAXPI009326-113.bam.cov,S pimpinellifolium
0,samcov/RF_049_SZAXPI009327-123.bam.cov,S pimpinellifolium
0,samcov/RF_051_SZAXPI009328-129.bam.cov,S chiemliewskii
0,samcov/RF_052_SZAXPI009329-133.bam.cov,S chiemliewskii
0,samcov/RF_053_SZAXPI009330-136.bam.cov,S cheesemaniae
0,samcov/RF_054_SZAXPI009331-140.bam.cov,S cheesemaniae
0,samcov/RF_055_SZAXPI009332-142.bam.cov,S cheesemaniae
0,samcov/RF_056_SZAXPI009333-158.bam.cov,S neorickii
0,samcov/RF_057_SZAXPI009334-166.bam.cov,S neorickii
-1,samcov/RF_058_SZAXPI009359-46.bam.cov,S arcanum
-1,samcov/RF_059_SZAXPI009335-169.bam.cov,S arcanum
0,samcov/RF_060_SZAXPI009336-14.bam.cov,S peruvianum
0,samcov/RF_062_SZAXPI009337-15.bam.cov,S huaylasense
0,samcov/RF_063_SZAXPI009338-16.bam.cov,S huaylasense
0,samcov/RF_064_SZAXPI009339-17.bam.cov,S chilense
0,samcov/RF_065_SZAXPI009340-18.bam.cov,S chilense
0,samcov/RF_066_SZAXPI009341-19.bam.cov,S habrochaites glabratum
0,samcov/RF_067_SZAXPI009342-21.bam.cov,S habrochaites glabratum
0,samcov/RF_068_SZAXPI009343-22.bam.cov,S habrochaites glabratum
0,samcov/RF_069_SZAXPI009344-23.bam.cov,S habrochaites glabratum
0,samcov/RF_070_SZAXPI008749-56.bam.cov,S habrochaites
0,samcov/RF_071_SZAXPI009345-24.bam.cov,S habrochaites
0,samcov/RF_072_SZAXPI008752-75.bam.cov,S habrochaites
0,samcov/RF_073_SZAXPI009346-25.bam.cov,S pennellii
0,samcov/RF_074_SZAXPI008753-79.bam.cov,S pennellii
0,samcov/RF_075_SZAXPI009347-26.bam.cov,Unknown
0,samcov/RF_077_SZAXPI009348-27.bam.cov,Large Red Cherry
0,samcov/RF_078_SZAXPI009349-30.bam.cov,Porter
0,samcov/RF_088_SZAXPI009350-31.bam.cov,Bloodt Butcher
0,samcov/RF_089_SZAXPI009351-32.bam.cov,Brandywine
0,samcov/RF_090_SZAXPI009352-35.bam.cov,Dixy Golden Giant
0,samcov/RF_091_SZAXPI009325-56.bam.cov,Giant Belgium
0,samcov/RF_093_SZAXPI009353-36.bam.cov,Kwntucy Beefsteak
0,samcov/RF_094_SZAXPI008750-57.bam.cov,Marmande VFA
0,samcov/RF_096_SZAXPI009354-37.bam.cov,Thessaloniki
0,samcov/RF_097_SZAXPI009355-39.bam.cov,Watermelon Beefsteak
0,samcov/RF_102_SZAXPI009356-41.bam.cov,TR00026
0,samcov/RF_103_SZAXPI009357-44.bam.cov,TR00027
0,samcov/RF_104_SZAXPI008751-74.bam.cov,S galapagense
0,samcov/RF_105_SZAXPI009358-45.bam.cov,TR00028_LA1479
